{"name":"Michelle Obama","height":180,"isAlive":true}